// Jest Snapshot v1, https://goo.gl/fbAQLP

exports[`KaspaV3Factory #createPool gas 1`] = `4729417`;

exports[`KaspaV3Factory factory bytecode size 1`] = `5151`;

exports[`KaspaV3Factory pool bytecode size 1`] = `22962`;
